[2025-05-01 12:10:06] local.ERROR: filemtime(): stat failed for /home/njugunaa/Development/code/myProjects/weather-app-laravel/.env {"exception":"[object] (ErrorException(code: 0): filemtime(): stat failed for /home/njugunaa/Development/code/myProjects/weather-app-laravel/.env at /home/njugunaa/Development/code/myProjects/weather-app-laravel/vendor/laravel/framework/src/Illuminate/Foundation/Console/ServeCommand.php:102)
[stacktrace]
#0 /home/njugunaa/Development/code/myProjects/weather-app-laravel/vendor/laravel/framework/src/Illuminate/Foundation/Bootstrap/HandleExceptions.php(255): Illuminate\\Foundation\\Bootstrap\\HandleExceptions->handleError()
#1 [internal function]: Illuminate\\Foundation\\Bootstrap\\HandleExceptions->Illuminate\\Foundation\\Bootstrap\\{closure}()
#2 /home/njugunaa/Development/code/myProjects/weather-app-laravel/vendor/laravel/framework/src/Illuminate/Foundation/Console/ServeCommand.php(102): filemtime()
#3 /home/njugunaa/Development/code/myProjects/weather-app-laravel/vendor/laravel/framework/src/Illuminate/Container/BoundMethod.php(36): Illuminate\\Foundation\\Console\\ServeCommand->handle()
#4 /home/njugunaa/Development/code/myProjects/weather-app-laravel/vendor/laravel/framework/src/Illuminate/Container/Util.php(41): Illuminate\\Container\\BoundMethod::Illuminate\\Container\\{closure}()
#5 /home/njugunaa/Development/code/myProjects/weather-app-laravel/vendor/laravel/framework/src/Illuminate/Container/BoundMethod.php(93): Illuminate\\Container\\Util::unwrapIfClosure()
#6 /home/njugunaa/Development/code/myProjects/weather-app-laravel/vendor/laravel/framework/src/Illuminate/Container/BoundMethod.php(37): Illuminate\\Container\\BoundMethod::callBoundMethod()
#7 /home/njugunaa/Development/code/myProjects/weather-app-laravel/vendor/laravel/framework/src/Illuminate/Container/Container.php(662): Illuminate\\Container\\BoundMethod::call()
#8 /home/njugunaa/Development/code/myProjects/weather-app-laravel/vendor/laravel/framework/src/Illuminate/Console/Command.php(211): Illuminate\\Container\\Container->call()
#9 /home/njugunaa/Development/code/myProjects/weather-app-laravel/vendor/symfony/console/Command/Command.php(326): Illuminate\\Console\\Command->execute()
#10 /home/njugunaa/Development/code/myProjects/weather-app-laravel/vendor/laravel/framework/src/Illuminate/Console/Command.php(181): Symfony\\Component\\Console\\Command\\Command->run()
#11 /home/njugunaa/Development/code/myProjects/weather-app-laravel/vendor/symfony/console/Application.php(1096): Illuminate\\Console\\Command->run()
#12 /home/njugunaa/Development/code/myProjects/weather-app-laravel/vendor/symfony/console/Application.php(324): Symfony\\Component\\Console\\Application->doRunCommand()
#13 /home/njugunaa/Development/code/myProjects/weather-app-laravel/vendor/symfony/console/Application.php(175): Symfony\\Component\\Console\\Application->doRun()
#14 /home/njugunaa/Development/code/myProjects/weather-app-laravel/vendor/laravel/framework/src/Illuminate/Foundation/Console/Kernel.php(201): Symfony\\Component\\Console\\Application->run()
#15 /home/njugunaa/Development/code/myProjects/weather-app-laravel/artisan(37): Illuminate\\Foundation\\Console\\Kernel->handle()
#16 {main}
"} 
[2025-05-02 01:35:39] local.ERROR: could not find driver (Connection: mysql, SQL: select table_name as `name`, (data_length + index_length) as `size`, table_comment as `comment`, engine as `engine`, table_collation as `collation` from information_schema.tables where table_schema = 'laravel' and table_type in ('BASE TABLE', 'SYSTEM VERSIONED') order by table_name) {"exception":"[object] (Illuminate\\Database\\QueryException(code: 0): could not find driver (Connection: mysql, SQL: select table_name as `name`, (data_length + index_length) as `size`, table_comment as `comment`, engine as `engine`, table_collation as `collation` from information_schema.tables where table_schema = 'laravel' and table_type in ('BASE TABLE', 'SYSTEM VERSIONED') order by table_name) at /home/njugunaa/Development/code/myProjects/weather-app-laravel/backend/vendor/laravel/framework/src/Illuminate/Database/Connection.php:829)
[stacktrace]
#0 /home/njugunaa/Development/code/myProjects/weather-app-laravel/backend/vendor/laravel/framework/src/Illuminate/Database/Connection.php(783): Illuminate\\Database\\Connection->runQueryCallback()
#1 /home/njugunaa/Development/code/myProjects/weather-app-laravel/backend/vendor/laravel/framework/src/Illuminate/Database/Connection.php(431): Illuminate\\Database\\Connection->run()
#2 /home/njugunaa/Development/code/myProjects/weather-app-laravel/backend/vendor/laravel/framework/src/Illuminate/Database/Connection.php(401): Illuminate\\Database\\Connection->select()
#3 /home/njugunaa/Development/code/myProjects/weather-app-laravel/backend/vendor/laravel/framework/src/Illuminate/Database/Schema/MySqlBuilder.php(42): Illuminate\\Database\\Connection->selectFromWriteConnection()
#4 /home/njugunaa/Development/code/myProjects/weather-app-laravel/backend/vendor/laravel/framework/src/Illuminate/Database/Schema/Builder.php(165): Illuminate\\Database\\Schema\\MySqlBuilder->getTables()
#5 /home/njugunaa/Development/code/myProjects/weather-app-laravel/backend/vendor/laravel/framework/src/Illuminate/Database/Migrations/DatabaseMigrationRepository.php(184): Illuminate\\Database\\Schema\\Builder->hasTable()
#6 /home/njugunaa/Development/code/myProjects/weather-app-laravel/backend/vendor/laravel/framework/src/Illuminate/Database/Migrations/Migrator.php(727): Illuminate\\Database\\Migrations\\DatabaseMigrationRepository->repositoryExists()
#7 /home/njugunaa/Development/code/myProjects/weather-app-laravel/backend/vendor/laravel/framework/src/Illuminate/Database/Console/Migrations/MigrateCommand.php(140): Illuminate\\Database\\Migrations\\Migrator->repositoryExists()
#8 /home/njugunaa/Development/code/myProjects/weather-app-laravel/backend/vendor/laravel/framework/src/Illuminate/Support/helpers.php(261): Illuminate\\Database\\Console\\Migrations\\MigrateCommand->Illuminate\\Database\\Console\\Migrations\\{closure}()
#9 /home/njugunaa/Development/code/myProjects/weather-app-laravel/backend/vendor/laravel/framework/src/Illuminate/Database/Console/Migrations/MigrateCommand.php(159): retry()
#10 /home/njugunaa/Development/code/myProjects/weather-app-laravel/backend/vendor/laravel/framework/src/Illuminate/Database/Console/Migrations/MigrateCommand.php(116): Illuminate\\Database\\Console\\Migrations\\MigrateCommand->repositoryExists()
#11 /home/njugunaa/Development/code/myProjects/weather-app-laravel/backend/vendor/laravel/framework/src/Illuminate/Database/Console/Migrations/MigrateCommand.php(84): Illuminate\\Database\\Console\\Migrations\\MigrateCommand->prepareDatabase()
#12 /home/njugunaa/Development/code/myProjects/weather-app-laravel/backend/vendor/laravel/framework/src/Illuminate/Database/Migrations/Migrator.php(641): Illuminate\\Database\\Console\\Migrations\\MigrateCommand->Illuminate\\Database\\Console\\Migrations\\{closure}()
#13 /home/njugunaa/Development/code/myProjects/weather-app-laravel/backend/vendor/laravel/framework/src/Illuminate/Database/Console/Migrations/MigrateCommand.php(104): Illuminate\\Database\\Migrations\\Migrator->usingConnection()
#14 /home/njugunaa/Development/code/myProjects/weather-app-laravel/backend/vendor/laravel/framework/src/Illuminate/Container/BoundMethod.php(36): Illuminate\\Database\\Console\\Migrations\\MigrateCommand->handle()
#15 /home/njugunaa/Development/code/myProjects/weather-app-laravel/backend/vendor/laravel/framework/src/Illuminate/Container/Util.php(41): Illuminate\\Container\\BoundMethod::Illuminate\\Container\\{closure}()
#16 /home/njugunaa/Development/code/myProjects/weather-app-laravel/backend/vendor/laravel/framework/src/Illuminate/Container/BoundMethod.php(93): Illuminate\\Container\\Util::unwrapIfClosure()
#17 /home/njugunaa/Development/code/myProjects/weather-app-laravel/backend/vendor/laravel/framework/src/Illuminate/Container/BoundMethod.php(37): Illuminate\\Container\\BoundMethod::callBoundMethod()
#18 /home/njugunaa/Development/code/myProjects/weather-app-laravel/backend/vendor/laravel/framework/src/Illuminate/Container/Container.php(662): Illuminate\\Container\\BoundMethod::call()
#19 /home/njugunaa/Development/code/myProjects/weather-app-laravel/backend/vendor/laravel/framework/src/Illuminate/Console/Command.php(211): Illuminate\\Container\\Container->call()
#20 /home/njugunaa/Development/code/myProjects/weather-app-laravel/backend/vendor/symfony/console/Command/Command.php(326): Illuminate\\Console\\Command->execute()
#21 /home/njugunaa/Development/code/myProjects/weather-app-laravel/backend/vendor/laravel/framework/src/Illuminate/Console/Command.php(181): Symfony\\Component\\Console\\Command\\Command->run()
#22 /home/njugunaa/Development/code/myProjects/weather-app-laravel/backend/vendor/symfony/console/Application.php(1096): Illuminate\\Console\\Command->run()
#23 /home/njugunaa/Development/code/myProjects/weather-app-laravel/backend/vendor/symfony/console/Application.php(324): Symfony\\Component\\Console\\Application->doRunCommand()
#24 /home/njugunaa/Development/code/myProjects/weather-app-laravel/backend/vendor/symfony/console/Application.php(175): Symfony\\Component\\Console\\Application->doRun()
#25 /home/njugunaa/Development/code/myProjects/weather-app-laravel/backend/vendor/laravel/framework/src/Illuminate/Foundation/Console/Kernel.php(201): Symfony\\Component\\Console\\Application->run()
#26 /home/njugunaa/Development/code/myProjects/weather-app-laravel/backend/artisan(37): Illuminate\\Foundation\\Console\\Kernel->handle()
#27 {main}

[previous exception] [object] (PDOException(code: 0): could not find driver at /home/njugunaa/Development/code/myProjects/weather-app-laravel/backend/vendor/laravel/framework/src/Illuminate/Database/Connectors/Connector.php:65)
[stacktrace]
#0 /home/njugunaa/Development/code/myProjects/weather-app-laravel/backend/vendor/laravel/framework/src/Illuminate/Database/Connectors/Connector.php(65): PDO->__construct()
#1 /home/njugunaa/Development/code/myProjects/weather-app-laravel/backend/vendor/laravel/framework/src/Illuminate/Database/Connectors/Connector.php(45): Illuminate\\Database\\Connectors\\Connector->createPdoConnection()
#2 /home/njugunaa/Development/code/myProjects/weather-app-laravel/backend/vendor/laravel/framework/src/Illuminate/Database/Connectors/MySqlConnector.php(24): Illuminate\\Database\\Connectors\\Connector->createConnection()
#3 /home/njugunaa/Development/code/myProjects/weather-app-laravel/backend/vendor/laravel/framework/src/Illuminate/Database/Connectors/ConnectionFactory.php(184): Illuminate\\Database\\Connectors\\MySqlConnector->connect()
#4 [internal function]: Illuminate\\Database\\Connectors\\ConnectionFactory->Illuminate\\Database\\Connectors\\{closure}()
#5 /home/njugunaa/Development/code/myProjects/weather-app-laravel/backend/vendor/laravel/framework/src/Illuminate/Database/Connection.php(1339): call_user_func()
#6 /home/njugunaa/Development/code/myProjects/weather-app-laravel/backend/vendor/laravel/framework/src/Illuminate/Database/Connection.php(528): Illuminate\\Database\\Connection->getPdo()
#7 /home/njugunaa/Development/code/myProjects/weather-app-laravel/backend/vendor/laravel/framework/src/Illuminate/Database/Connection.php(423): Illuminate\\Database\\Connection->getPdoForSelect()
#8 /home/njugunaa/Development/code/myProjects/weather-app-laravel/backend/vendor/laravel/framework/src/Illuminate/Database/Connection.php(816): Illuminate\\Database\\Connection->Illuminate\\Database\\{closure}()
#9 /home/njugunaa/Development/code/myProjects/weather-app-laravel/backend/vendor/laravel/framework/src/Illuminate/Database/Connection.php(783): Illuminate\\Database\\Connection->runQueryCallback()
#10 /home/njugunaa/Development/code/myProjects/weather-app-laravel/backend/vendor/laravel/framework/src/Illuminate/Database/Connection.php(431): Illuminate\\Database\\Connection->run()
#11 /home/njugunaa/Development/code/myProjects/weather-app-laravel/backend/vendor/laravel/framework/src/Illuminate/Database/Connection.php(401): Illuminate\\Database\\Connection->select()
#12 /home/njugunaa/Development/code/myProjects/weather-app-laravel/backend/vendor/laravel/framework/src/Illuminate/Database/Schema/MySqlBuilder.php(42): Illuminate\\Database\\Connection->selectFromWriteConnection()
#13 /home/njugunaa/Development/code/myProjects/weather-app-laravel/backend/vendor/laravel/framework/src/Illuminate/Database/Schema/Builder.php(165): Illuminate\\Database\\Schema\\MySqlBuilder->getTables()
#14 /home/njugunaa/Development/code/myProjects/weather-app-laravel/backend/vendor/laravel/framework/src/Illuminate/Database/Migrations/DatabaseMigrationRepository.php(184): Illuminate\\Database\\Schema\\Builder->hasTable()
#15 /home/njugunaa/Development/code/myProjects/weather-app-laravel/backend/vendor/laravel/framework/src/Illuminate/Database/Migrations/Migrator.php(727): Illuminate\\Database\\Migrations\\DatabaseMigrationRepository->repositoryExists()
#16 /home/njugunaa/Development/code/myProjects/weather-app-laravel/backend/vendor/laravel/framework/src/Illuminate/Database/Console/Migrations/MigrateCommand.php(140): Illuminate\\Database\\Migrations\\Migrator->repositoryExists()
#17 /home/njugunaa/Development/code/myProjects/weather-app-laravel/backend/vendor/laravel/framework/src/Illuminate/Support/helpers.php(261): Illuminate\\Database\\Console\\Migrations\\MigrateCommand->Illuminate\\Database\\Console\\Migrations\\{closure}()
#18 /home/njugunaa/Development/code/myProjects/weather-app-laravel/backend/vendor/laravel/framework/src/Illuminate/Database/Console/Migrations/MigrateCommand.php(159): retry()
#19 /home/njugunaa/Development/code/myProjects/weather-app-laravel/backend/vendor/laravel/framework/src/Illuminate/Database/Console/Migrations/MigrateCommand.php(116): Illuminate\\Database\\Console\\Migrations\\MigrateCommand->repositoryExists()
#20 /home/njugunaa/Development/code/myProjects/weather-app-laravel/backend/vendor/laravel/framework/src/Illuminate/Database/Console/Migrations/MigrateCommand.php(84): Illuminate\\Database\\Console\\Migrations\\MigrateCommand->prepareDatabase()
#21 /home/njugunaa/Development/code/myProjects/weather-app-laravel/backend/vendor/laravel/framework/src/Illuminate/Database/Migrations/Migrator.php(641): Illuminate\\Database\\Console\\Migrations\\MigrateCommand->Illuminate\\Database\\Console\\Migrations\\{closure}()
#22 /home/njugunaa/Development/code/myProjects/weather-app-laravel/backend/vendor/laravel/framework/src/Illuminate/Database/Console/Migrations/MigrateCommand.php(104): Illuminate\\Database\\Migrations\\Migrator->usingConnection()
#23 /home/njugunaa/Development/code/myProjects/weather-app-laravel/backend/vendor/laravel/framework/src/Illuminate/Container/BoundMethod.php(36): Illuminate\\Database\\Console\\Migrations\\MigrateCommand->handle()
#24 /home/njugunaa/Development/code/myProjects/weather-app-laravel/backend/vendor/laravel/framework/src/Illuminate/Container/Util.php(41): Illuminate\\Container\\BoundMethod::Illuminate\\Container\\{closure}()
#25 /home/njugunaa/Development/code/myProjects/weather-app-laravel/backend/vendor/laravel/framework/src/Illuminate/Container/BoundMethod.php(93): Illuminate\\Container\\Util::unwrapIfClosure()
#26 /home/njugunaa/Development/code/myProjects/weather-app-laravel/backend/vendor/laravel/framework/src/Illuminate/Container/BoundMethod.php(37): Illuminate\\Container\\BoundMethod::callBoundMethod()
#27 /home/njugunaa/Development/code/myProjects/weather-app-laravel/backend/vendor/laravel/framework/src/Illuminate/Container/Container.php(662): Illuminate\\Container\\BoundMethod::call()
#28 /home/njugunaa/Development/code/myProjects/weather-app-laravel/backend/vendor/laravel/framework/src/Illuminate/Console/Command.php(211): Illuminate\\Container\\Container->call()
#29 /home/njugunaa/Development/code/myProjects/weather-app-laravel/backend/vendor/symfony/console/Command/Command.php(326): Illuminate\\Console\\Command->execute()
#30 /home/njugunaa/Development/code/myProjects/weather-app-laravel/backend/vendor/laravel/framework/src/Illuminate/Console/Command.php(181): Symfony\\Component\\Console\\Command\\Command->run()
#31 /home/njugunaa/Development/code/myProjects/weather-app-laravel/backend/vendor/symfony/console/Application.php(1096): Illuminate\\Console\\Command->run()
#32 /home/njugunaa/Development/code/myProjects/weather-app-laravel/backend/vendor/symfony/console/Application.php(324): Symfony\\Component\\Console\\Application->doRunCommand()
#33 /home/njugunaa/Development/code/myProjects/weather-app-laravel/backend/vendor/symfony/console/Application.php(175): Symfony\\Component\\Console\\Application->doRun()
#34 /home/njugunaa/Development/code/myProjects/weather-app-laravel/backend/vendor/laravel/framework/src/Illuminate/Foundation/Console/Kernel.php(201): Symfony\\Component\\Console\\Application->run()
#35 /home/njugunaa/Development/code/myProjects/weather-app-laravel/backend/artisan(37): Illuminate\\Foundation\\Console\\Kernel->handle()
#36 {main}
"} 
[2025-05-02 01:39:14] local.ERROR: Please provide a valid cache path. {"exception":"[object] (InvalidArgumentException(code: 0): Please provide a valid cache path. at /home/njugunaa/Development/code/myProjects/weather-app-laravel/backend/vendor/laravel/framework/src/Illuminate/View/Compilers/Compiler.php:67)
[stacktrace]
#0 /home/njugunaa/Development/code/myProjects/weather-app-laravel/backend/vendor/laravel/framework/src/Illuminate/View/ViewServiceProvider.php(102): Illuminate\\View\\Compilers\\Compiler->__construct()
#1 /home/njugunaa/Development/code/myProjects/weather-app-laravel/backend/vendor/laravel/framework/src/Illuminate/Container/Container.php(908): Illuminate\\View\\ViewServiceProvider->Illuminate\\View\\{closure}()
#2 /home/njugunaa/Development/code/myProjects/weather-app-laravel/backend/vendor/laravel/framework/src/Illuminate/Container/Container.php(795): Illuminate\\Container\\Container->build()
#3 /home/njugunaa/Development/code/myProjects/weather-app-laravel/backend/vendor/laravel/framework/src/Illuminate/Foundation/Application.php(986): Illuminate\\Container\\Container->resolve()
#4 /home/njugunaa/Development/code/myProjects/weather-app-laravel/backend/vendor/laravel/framework/src/Illuminate/Container/Container.php(731): Illuminate\\Foundation\\Application->resolve()
#5 /home/njugunaa/Development/code/myProjects/weather-app-laravel/backend/vendor/laravel/framework/src/Illuminate/Foundation/Application.php(971): Illuminate\\Container\\Container->make()
#6 /home/njugunaa/Development/code/myProjects/weather-app-laravel/backend/vendor/laravel/framework/src/Illuminate/View/ViewServiceProvider.php(168): Illuminate\\Foundation\\Application->make()
#7 [internal function]: Illuminate\\View\\ViewServiceProvider->Illuminate\\View\\{closure}()
#8 /home/njugunaa/Development/code/myProjects/weather-app-laravel/backend/vendor/laravel/framework/src/Illuminate/View/Engines/EngineResolver.php(55): call_user_func()
#9 /home/njugunaa/Development/code/myProjects/weather-app-laravel/backend/vendor/laravel/framework/src/Illuminate/View/Factory.php(310): Illuminate\\View\\Engines\\EngineResolver->resolve()
#10 /home/njugunaa/Development/code/myProjects/weather-app-laravel/backend/vendor/laravel/framework/src/Illuminate/View/Factory.php(274): Illuminate\\View\\Factory->getEngineFromPath()
#11 /home/njugunaa/Development/code/myProjects/weather-app-laravel/backend/vendor/laravel/framework/src/Illuminate/View/Factory.php(146): Illuminate\\View\\Factory->viewInstance()
#12 /home/njugunaa/Development/code/myProjects/weather-app-laravel/backend/vendor/laravel/framework/src/Illuminate/Foundation/helpers.php(1020): Illuminate\\View\\Factory->make()
#13 /home/njugunaa/Development/code/myProjects/weather-app-laravel/backend/routes/web.php(17): view()
#14 /home/njugunaa/Development/code/myProjects/weather-app-laravel/backend/vendor/laravel/framework/src/Illuminate/Routing/CallableDispatcher.php(40): Illuminate\\Routing\\RouteFileRegistrar->{closure}()
#15 /home/njugunaa/Development/code/myProjects/weather-app-laravel/backend/vendor/laravel/framework/src/Illuminate/Routing/Route.php(237): Illuminate\\Routing\\CallableDispatcher->dispatch()
#16 /home/njugunaa/Development/code/myProjects/weather-app-laravel/backend/vendor/laravel/framework/src/Illuminate/Routing/Route.php(208): Illuminate\\Routing\\Route->runCallable()
#17 /home/njugunaa/Development/code/myProjects/weather-app-laravel/backend/vendor/laravel/framework/src/Illuminate/Routing/Router.php(806): Illuminate\\Routing\\Route->run()
#18 /home/njugunaa/Development/code/myProjects/weather-app-laravel/backend/vendor/laravel/framework/src/Illuminate/Pipeline/Pipeline.php(144): Illuminate\\Routing\\Router->Illuminate\\Routing\\{closure}()
#19 /home/njugunaa/Development/code/myProjects/weather-app-laravel/backend/vendor/laravel/framework/src/Illuminate/Routing/Middleware/SubstituteBindings.php(50): Illuminate\\Pipeline\\Pipeline->Illuminate\\Pipeline\\{closure}()
#20 /home/njugunaa/Development/code/myProjects/weather-app-laravel/backend/vendor/laravel/framework/src/Illuminate/Pipeline/Pipeline.php(183): Illuminate\\Routing\\Middleware\\SubstituteBindings->handle()
#21 /home/njugunaa/Development/code/myProjects/weather-app-laravel/backend/vendor/laravel/framework/src/Illuminate/Foundation/Http/Middleware/VerifyCsrfToken.php(78): Illuminate\\Pipeline\\Pipeline->Illuminate\\Pipeline\\{closure}()
#22 /home/njugunaa/Development/code/myProjects/weather-app-laravel/backend/vendor/laravel/framework/src/Illuminate/Pipeline/Pipeline.php(183): Illuminate\\Foundation\\Http\\Middleware\\VerifyCsrfToken->handle()
#23 /home/njugunaa/Development/code/myProjects/weather-app-laravel/backend/vendor/laravel/framework/src/Illuminate/View/Middleware/ShareErrorsFromSession.php(49): Illuminate\\Pipeline\\Pipeline->Illuminate\\Pipeline\\{closure}()
#24 /home/njugunaa/Development/code/myProjects/weather-app-laravel/backend/vendor/laravel/framework/src/Illuminate/Pipeline/Pipeline.php(183): Illuminate\\View\\Middleware\\ShareErrorsFromSession->handle()
#25 /home/njugunaa/Development/code/myProjects/weather-app-laravel/backend/vendor/laravel/framework/src/Illuminate/Session/Middleware/StartSession.php(121): Illuminate\\Pipeline\\Pipeline->Illuminate\\Pipeline\\{closure}()
#26 /home/njugunaa/Development/code/myProjects/weather-app-laravel/backend/vendor/laravel/framework/src/Illuminate/Session/Middleware/StartSession.php(64): Illuminate\\Session\\Middleware\\StartSession->handleStatefulRequest()
#27 /home/njugunaa/Development/code/myProjects/weather-app-laravel/backend/vendor/laravel/framework/src/Illuminate/Pipeline/Pipeline.php(183): Illuminate\\Session\\Middleware\\StartSession->handle()
#28 /home/njugunaa/Development/code/myProjects/weather-app-laravel/backend/vendor/laravel/framework/src/Illuminate/Cookie/Middleware/AddQueuedCookiesToResponse.php(37): Illuminate\\Pipeline\\Pipeline->Illuminate\\Pipeline\\{closure}()
#29 /home/njugunaa/Development/code/myProjects/weather-app-laravel/backend/vendor/laravel/framework/src/Illuminate/Pipeline/Pipeline.php(183): Illuminate\\Cookie\\Middleware\\AddQueuedCookiesToResponse->handle()
#30 /home/njugunaa/Development/code/myProjects/weather-app-laravel/backend/vendor/laravel/framework/src/Illuminate/Cookie/Middleware/EncryptCookies.php(67): Illuminate\\Pipeline\\Pipeline->Illuminate\\Pipeline\\{closure}()
#31 /home/njugunaa/Development/code/myProjects/weather-app-laravel/backend/vendor/laravel/framework/src/Illuminate/Pipeline/Pipeline.php(183): Illuminate\\Cookie\\Middleware\\EncryptCookies->handle()
#32 /home/njugunaa/Development/code/myProjects/weather-app-laravel/backend/vendor/laravel/framework/src/Illuminate/Pipeline/Pipeline.php(119): Illuminate\\Pipeline\\Pipeline->Illuminate\\Pipeline\\{closure}()
#33 /home/njugunaa/Development/code/myProjects/weather-app-laravel/backend/vendor/laravel/framework/src/Illuminate/Routing/Router.php(807): Illuminate\\Pipeline\\Pipeline->then()
#34 /home/njugunaa/Development/code/myProjects/weather-app-laravel/backend/vendor/laravel/framework/src/Illuminate/Routing/Router.php(784): Illuminate\\Routing\\Router->runRouteWithinStack()
#35 /home/njugunaa/Development/code/myProjects/weather-app-laravel/backend/vendor/laravel/framework/src/Illuminate/Routing/Router.php(748): Illuminate\\Routing\\Router->runRoute()
#36 /home/njugunaa/Development/code/myProjects/weather-app-laravel/backend/vendor/laravel/framework/src/Illuminate/Routing/Router.php(737): Illuminate\\Routing\\Router->dispatchToRoute()
#37 /home/njugunaa/Development/code/myProjects/weather-app-laravel/backend/vendor/laravel/framework/src/Illuminate/Foundation/Http/Kernel.php(200): Illuminate\\Routing\\Router->dispatch()
#38 /home/njugunaa/Development/code/myProjects/weather-app-laravel/backend/vendor/laravel/framework/src/Illuminate/Pipeline/Pipeline.php(144): Illuminate\\Foundation\\Http\\Kernel->Illuminate\\Foundation\\Http\\{closure}()
#39 /home/njugunaa/Development/code/myProjects/weather-app-laravel/backend/vendor/laravel/framework/src/Illuminate/Foundation/Http/Middleware/TransformsRequest.php(21): Illuminate\\Pipeline\\Pipeline->Illuminate\\Pipeline\\{closure}()
#40 /home/njugunaa/Development/code/myProjects/weather-app-laravel/backend/vendor/laravel/framework/src/Illuminate/Foundation/Http/Middleware/ConvertEmptyStringsToNull.php(31): Illuminate\\Foundation\\Http\\Middleware\\TransformsRequest->handle()
#41 /home/njugunaa/Development/code/myProjects/weather-app-laravel/backend/vendor/laravel/framework/src/Illuminate/Pipeline/Pipeline.php(183): Illuminate\\Foundation\\Http\\Middleware\\ConvertEmptyStringsToNull->handle()
#42 /home/njugunaa/Development/code/myProjects/weather-app-laravel/backend/vendor/laravel/framework/src/Illuminate/Foundation/Http/Middleware/TransformsRequest.php(21): Illuminate\\Pipeline\\Pipeline->Illuminate\\Pipeline\\{closure}()
#43 /home/njugunaa/Development/code/myProjects/weather-app-laravel/backend/vendor/laravel/framework/src/Illuminate/Foundation/Http/Middleware/TrimStrings.php(40): Illuminate\\Foundation\\Http\\Middleware\\TransformsRequest->handle()
#44 /home/njugunaa/Development/code/myProjects/weather-app-laravel/backend/vendor/laravel/framework/src/Illuminate/Pipeline/Pipeline.php(183): Illuminate\\Foundation\\Http\\Middleware\\TrimStrings->handle()
#45 /home/njugunaa/Development/code/myProjects/weather-app-laravel/backend/vendor/laravel/framework/src/Illuminate/Foundation/Http/Middleware/ValidatePostSize.php(27): Illuminate\\Pipeline\\Pipeline->Illuminate\\Pipeline\\{closure}()
#46 /home/njugunaa/Development/code/myProjects/weather-app-laravel/backend/vendor/laravel/framework/src/Illuminate/Pipeline/Pipeline.php(183): Illuminate\\Foundation\\Http\\Middleware\\ValidatePostSize->handle()
#47 /home/njugunaa/Development/code/myProjects/weather-app-laravel/backend/vendor/laravel/framework/src/Illuminate/Foundation/Http/Middleware/PreventRequestsDuringMaintenance.php(99): Illuminate\\Pipeline\\Pipeline->Illuminate\\Pipeline\\{closure}()
#48 /home/njugunaa/Development/code/myProjects/weather-app-laravel/backend/vendor/laravel/framework/src/Illuminate/Pipeline/Pipeline.php(183): Illuminate\\Foundation\\Http\\Middleware\\PreventRequestsDuringMaintenance->handle()
#49 /home/njugunaa/Development/code/myProjects/weather-app-laravel/backend/vendor/laravel/framework/src/Illuminate/Http/Middleware/HandleCors.php(49): Illuminate\\Pipeline\\Pipeline->Illuminate\\Pipeline\\{closure}()
#50 /home/njugunaa/Development/code/myProjects/weather-app-laravel/backend/vendor/laravel/framework/src/Illuminate/Pipeline/Pipeline.php(183): Illuminate\\Http\\Middleware\\HandleCors->handle()
#51 /home/njugunaa/Development/code/myProjects/weather-app-laravel/backend/vendor/laravel/framework/src/Illuminate/Http/Middleware/TrustProxies.php(39): Illuminate\\Pipeline\\Pipeline->Illuminate\\Pipeline\\{closure}()
#52 /home/njugunaa/Development/code/myProjects/weather-app-laravel/backend/vendor/laravel/framework/src/Illuminate/Pipeline/Pipeline.php(183): Illuminate\\Http\\Middleware\\TrustProxies->handle()
#53 /home/njugunaa/Development/code/myProjects/weather-app-laravel/backend/vendor/laravel/framework/src/Illuminate/Pipeline/Pipeline.php(119): Illuminate\\Pipeline\\Pipeline->Illuminate\\Pipeline\\{closure}()
#54 /home/njugunaa/Development/code/myProjects/weather-app-laravel/backend/vendor/laravel/framework/src/Illuminate/Foundation/Http/Kernel.php(175): Illuminate\\Pipeline\\Pipeline->then()
#55 /home/njugunaa/Development/code/myProjects/weather-app-laravel/backend/vendor/laravel/framework/src/Illuminate/Foundation/Http/Kernel.php(144): Illuminate\\Foundation\\Http\\Kernel->sendRequestThroughRouter()
#56 /home/njugunaa/Development/code/myProjects/weather-app-laravel/backend/public/index.php(52): Illuminate\\Foundation\\Http\\Kernel->handle()
#57 /home/njugunaa/Development/code/myProjects/weather-app-laravel/backend/vendor/laravel/framework/src/Illuminate/Foundation/resources/server.php(16): require_once('...')
#58 {main}
"} 
[2025-05-02 01:39:14] local.ERROR: file_put_contents(/home/njugunaa/Development/code/myProjects/weather-app-laravel/backend/storage/framework/sessions/qZUsH2T3m2HNxpPMvLbDx3h8m4NfUVuU5NNjyYrq): Failed to open stream: No such file or directory {"exception":"[object] (ErrorException(code: 0): file_put_contents(/home/njugunaa/Development/code/myProjects/weather-app-laravel/backend/storage/framework/sessions/qZUsH2T3m2HNxpPMvLbDx3h8m4NfUVuU5NNjyYrq): Failed to open stream: No such file or directory at /home/njugunaa/Development/code/myProjects/weather-app-laravel/backend/vendor/laravel/framework/src/Illuminate/Filesystem/Filesystem.php:204)
[stacktrace]
#0 /home/njugunaa/Development/code/myProjects/weather-app-laravel/backend/vendor/laravel/framework/src/Illuminate/Foundation/Bootstrap/HandleExceptions.php(255): Illuminate\\Foundation\\Bootstrap\\HandleExceptions->handleError()
#1 [internal function]: Illuminate\\Foundation\\Bootstrap\\HandleExceptions->Illuminate\\Foundation\\Bootstrap\\{closure}()
#2 /home/njugunaa/Development/code/myProjects/weather-app-laravel/backend/vendor/laravel/framework/src/Illuminate/Filesystem/Filesystem.php(204): file_put_contents()
#3 /home/njugunaa/Development/code/myProjects/weather-app-laravel/backend/vendor/laravel/framework/src/Illuminate/Session/FileSessionHandler.php(90): Illuminate\\Filesystem\\Filesystem->put()
#4 /home/njugunaa/Development/code/myProjects/weather-app-laravel/backend/vendor/laravel/framework/src/Illuminate/Session/Store.php(173): Illuminate\\Session\\FileSessionHandler->write()
#5 /home/njugunaa/Development/code/myProjects/weather-app-laravel/backend/vendor/laravel/framework/src/Illuminate/Session/Middleware/StartSession.php(245): Illuminate\\Session\\Store->save()
#6 /home/njugunaa/Development/code/myProjects/weather-app-laravel/backend/vendor/laravel/framework/src/Illuminate/Session/Middleware/StartSession.php(130): Illuminate\\Session\\Middleware\\StartSession->saveSession()
#7 /home/njugunaa/Development/code/myProjects/weather-app-laravel/backend/vendor/laravel/framework/src/Illuminate/Session/Middleware/StartSession.php(64): Illuminate\\Session\\Middleware\\StartSession->handleStatefulRequest()
#8 /home/njugunaa/Development/code/myProjects/weather-app-laravel/backend/vendor/laravel/framework/src/Illuminate/Pipeline/Pipeline.php(183): Illuminate\\Session\\Middleware\\StartSession->handle()
#9 /home/njugunaa/Development/code/myProjects/weather-app-laravel/backend/vendor/laravel/framework/src/Illuminate/Cookie/Middleware/AddQueuedCookiesToResponse.php(37): Illuminate\\Pipeline\\Pipeline->Illuminate\\Pipeline\\{closure}()
#10 /home/njugunaa/Development/code/myProjects/weather-app-laravel/backend/vendor/laravel/framework/src/Illuminate/Pipeline/Pipeline.php(183): Illuminate\\Cookie\\Middleware\\AddQueuedCookiesToResponse->handle()
#11 /home/njugunaa/Development/code/myProjects/weather-app-laravel/backend/vendor/laravel/framework/src/Illuminate/Cookie/Middleware/EncryptCookies.php(67): Illuminate\\Pipeline\\Pipeline->Illuminate\\Pipeline\\{closure}()
#12 /home/njugunaa/Development/code/myProjects/weather-app-laravel/backend/vendor/laravel/framework/src/Illuminate/Pipeline/Pipeline.php(183): Illuminate\\Cookie\\Middleware\\EncryptCookies->handle()
#13 /home/njugunaa/Development/code/myProjects/weather-app-laravel/backend/vendor/laravel/framework/src/Illuminate/Pipeline/Pipeline.php(119): Illuminate\\Pipeline\\Pipeline->Illuminate\\Pipeline\\{closure}()
#14 /home/njugunaa/Development/code/myProjects/weather-app-laravel/backend/vendor/laravel/framework/src/Illuminate/Routing/Router.php(807): Illuminate\\Pipeline\\Pipeline->then()
#15 /home/njugunaa/Development/code/myProjects/weather-app-laravel/backend/vendor/laravel/framework/src/Illuminate/Routing/Router.php(784): Illuminate\\Routing\\Router->runRouteWithinStack()
#16 /home/njugunaa/Development/code/myProjects/weather-app-laravel/backend/vendor/laravel/framework/src/Illuminate/Routing/Router.php(748): Illuminate\\Routing\\Router->runRoute()
#17 /home/njugunaa/Development/code/myProjects/weather-app-laravel/backend/vendor/laravel/framework/src/Illuminate/Routing/Router.php(737): Illuminate\\Routing\\Router->dispatchToRoute()
#18 /home/njugunaa/Development/code/myProjects/weather-app-laravel/backend/vendor/laravel/framework/src/Illuminate/Foundation/Http/Kernel.php(200): Illuminate\\Routing\\Router->dispatch()
#19 /home/njugunaa/Development/code/myProjects/weather-app-laravel/backend/vendor/laravel/framework/src/Illuminate/Pipeline/Pipeline.php(144): Illuminate\\Foundation\\Http\\Kernel->Illuminate\\Foundation\\Http\\{closure}()
#20 /home/njugunaa/Development/code/myProjects/weather-app-laravel/backend/vendor/laravel/framework/src/Illuminate/Foundation/Http/Middleware/TransformsRequest.php(21): Illuminate\\Pipeline\\Pipeline->Illuminate\\Pipeline\\{closure}()
#21 /home/njugunaa/Development/code/myProjects/weather-app-laravel/backend/vendor/laravel/framework/src/Illuminate/Foundation/Http/Middleware/ConvertEmptyStringsToNull.php(31): Illuminate\\Foundation\\Http\\Middleware\\TransformsRequest->handle()
#22 /home/njugunaa/Development/code/myProjects/weather-app-laravel/backend/vendor/laravel/framework/src/Illuminate/Pipeline/Pipeline.php(183): Illuminate\\Foundation\\Http\\Middleware\\ConvertEmptyStringsToNull->handle()
#23 /home/njugunaa/Development/code/myProjects/weather-app-laravel/backend/vendor/laravel/framework/src/Illuminate/Foundation/Http/Middleware/TransformsRequest.php(21): Illuminate\\Pipeline\\Pipeline->Illuminate\\Pipeline\\{closure}()
#24 /home/njugunaa/Development/code/myProjects/weather-app-laravel/backend/vendor/laravel/framework/src/Illuminate/Foundation/Http/Middleware/TrimStrings.php(40): Illuminate\\Foundation\\Http\\Middleware\\TransformsRequest->handle()
#25 /home/njugunaa/Development/code/myProjects/weather-app-laravel/backend/vendor/laravel/framework/src/Illuminate/Pipeline/Pipeline.php(183): Illuminate\\Foundation\\Http\\Middleware\\TrimStrings->handle()
#26 /home/njugunaa/Development/code/myProjects/weather-app-laravel/backend/vendor/laravel/framework/src/Illuminate/Foundation/Http/Middleware/ValidatePostSize.php(27): Illuminate\\Pipeline\\Pipeline->Illuminate\\Pipeline\\{closure}()
#27 /home/njugunaa/Development/code/myProjects/weather-app-laravel/backend/vendor/laravel/framework/src/Illuminate/Pipeline/Pipeline.php(183): Illuminate\\Foundation\\Http\\Middleware\\ValidatePostSize->handle()
#28 /home/njugunaa/Development/code/myProjects/weather-app-laravel/backend/vendor/laravel/framework/src/Illuminate/Foundation/Http/Middleware/PreventRequestsDuringMaintenance.php(99): Illuminate\\Pipeline\\Pipeline->Illuminate\\Pipeline\\{closure}()
#29 /home/njugunaa/Development/code/myProjects/weather-app-laravel/backend/vendor/laravel/framework/src/Illuminate/Pipeline/Pipeline.php(183): Illuminate\\Foundation\\Http\\Middleware\\PreventRequestsDuringMaintenance->handle()
#30 /home/njugunaa/Development/code/myProjects/weather-app-laravel/backend/vendor/laravel/framework/src/Illuminate/Http/Middleware/HandleCors.php(49): Illuminate\\Pipeline\\Pipeline->Illuminate\\Pipeline\\{closure}()
#31 /home/njugunaa/Development/code/myProjects/weather-app-laravel/backend/vendor/laravel/framework/src/Illuminate/Pipeline/Pipeline.php(183): Illuminate\\Http\\Middleware\\HandleCors->handle()
#32 /home/njugunaa/Development/code/myProjects/weather-app-laravel/backend/vendor/laravel/framework/src/Illuminate/Http/Middleware/TrustProxies.php(39): Illuminate\\Pipeline\\Pipeline->Illuminate\\Pipeline\\{closure}()
#33 /home/njugunaa/Development/code/myProjects/weather-app-laravel/backend/vendor/laravel/framework/src/Illuminate/Pipeline/Pipeline.php(183): Illuminate\\Http\\Middleware\\TrustProxies->handle()
#34 /home/njugunaa/Development/code/myProjects/weather-app-laravel/backend/vendor/laravel/framework/src/Illuminate/Pipeline/Pipeline.php(119): Illuminate\\Pipeline\\Pipeline->Illuminate\\Pipeline\\{closure}()
#35 /home/njugunaa/Development/code/myProjects/weather-app-laravel/backend/vendor/laravel/framework/src/Illuminate/Foundation/Http/Kernel.php(175): Illuminate\\Pipeline\\Pipeline->then()
#36 /home/njugunaa/Development/code/myProjects/weather-app-laravel/backend/vendor/laravel/framework/src/Illuminate/Foundation/Http/Kernel.php(144): Illuminate\\Foundation\\Http\\Kernel->sendRequestThroughRouter()
#37 /home/njugunaa/Development/code/myProjects/weather-app-laravel/backend/public/index.php(52): Illuminate\\Foundation\\Http\\Kernel->handle()
#38 /home/njugunaa/Development/code/myProjects/weather-app-laravel/backend/vendor/laravel/framework/src/Illuminate/Foundation/resources/server.php(16): require_once('...')
#39 {main}
"} 
[2025-05-02 01:39:52] local.ERROR: could not find driver (Connection: mysql, SQL: select table_name as `name`, (data_length + index_length) as `size`, table_comment as `comment`, engine as `engine`, table_collation as `collation` from information_schema.tables where table_schema = 'laravel' and table_type in ('BASE TABLE', 'SYSTEM VERSIONED') order by table_name) {"exception":"[object] (Illuminate\\Database\\QueryException(code: 0): could not find driver (Connection: mysql, SQL: select table_name as `name`, (data_length + index_length) as `size`, table_comment as `comment`, engine as `engine`, table_collation as `collation` from information_schema.tables where table_schema = 'laravel' and table_type in ('BASE TABLE', 'SYSTEM VERSIONED') order by table_name) at /home/njugunaa/Development/code/myProjects/weather-app-laravel/backend/vendor/laravel/framework/src/Illuminate/Database/Connection.php:829)
[stacktrace]
#0 /home/njugunaa/Development/code/myProjects/weather-app-laravel/backend/vendor/laravel/framework/src/Illuminate/Database/Connection.php(783): Illuminate\\Database\\Connection->runQueryCallback()
#1 /home/njugunaa/Development/code/myProjects/weather-app-laravel/backend/vendor/laravel/framework/src/Illuminate/Database/Connection.php(431): Illuminate\\Database\\Connection->run()
#2 /home/njugunaa/Development/code/myProjects/weather-app-laravel/backend/vendor/laravel/framework/src/Illuminate/Database/Connection.php(401): Illuminate\\Database\\Connection->select()
#3 /home/njugunaa/Development/code/myProjects/weather-app-laravel/backend/vendor/laravel/framework/src/Illuminate/Database/Schema/MySqlBuilder.php(42): Illuminate\\Database\\Connection->selectFromWriteConnection()
#4 /home/njugunaa/Development/code/myProjects/weather-app-laravel/backend/vendor/laravel/framework/src/Illuminate/Database/Schema/Builder.php(165): Illuminate\\Database\\Schema\\MySqlBuilder->getTables()
#5 /home/njugunaa/Development/code/myProjects/weather-app-laravel/backend/vendor/laravel/framework/src/Illuminate/Database/Migrations/DatabaseMigrationRepository.php(184): Illuminate\\Database\\Schema\\Builder->hasTable()
#6 /home/njugunaa/Development/code/myProjects/weather-app-laravel/backend/vendor/laravel/framework/src/Illuminate/Database/Migrations/Migrator.php(727): Illuminate\\Database\\Migrations\\DatabaseMigrationRepository->repositoryExists()
#7 /home/njugunaa/Development/code/myProjects/weather-app-laravel/backend/vendor/laravel/framework/src/Illuminate/Database/Console/Migrations/MigrateCommand.php(140): Illuminate\\Database\\Migrations\\Migrator->repositoryExists()
#8 /home/njugunaa/Development/code/myProjects/weather-app-laravel/backend/vendor/laravel/framework/src/Illuminate/Support/helpers.php(261): Illuminate\\Database\\Console\\Migrations\\MigrateCommand->Illuminate\\Database\\Console\\Migrations\\{closure}()
#9 /home/njugunaa/Development/code/myProjects/weather-app-laravel/backend/vendor/laravel/framework/src/Illuminate/Database/Console/Migrations/MigrateCommand.php(159): retry()
#10 /home/njugunaa/Development/code/myProjects/weather-app-laravel/backend/vendor/laravel/framework/src/Illuminate/Database/Console/Migrations/MigrateCommand.php(116): Illuminate\\Database\\Console\\Migrations\\MigrateCommand->repositoryExists()
#11 /home/njugunaa/Development/code/myProjects/weather-app-laravel/backend/vendor/laravel/framework/src/Illuminate/Database/Console/Migrations/MigrateCommand.php(84): Illuminate\\Database\\Console\\Migrations\\MigrateCommand->prepareDatabase()
#12 /home/njugunaa/Development/code/myProjects/weather-app-laravel/backend/vendor/laravel/framework/src/Illuminate/Database/Migrations/Migrator.php(641): Illuminate\\Database\\Console\\Migrations\\MigrateCommand->Illuminate\\Database\\Console\\Migrations\\{closure}()
#13 /home/njugunaa/Development/code/myProjects/weather-app-laravel/backend/vendor/laravel/framework/src/Illuminate/Database/Console/Migrations/MigrateCommand.php(104): Illuminate\\Database\\Migrations\\Migrator->usingConnection()
#14 /home/njugunaa/Development/code/myProjects/weather-app-laravel/backend/vendor/laravel/framework/src/Illuminate/Container/BoundMethod.php(36): Illuminate\\Database\\Console\\Migrations\\MigrateCommand->handle()
#15 /home/njugunaa/Development/code/myProjects/weather-app-laravel/backend/vendor/laravel/framework/src/Illuminate/Container/Util.php(41): Illuminate\\Container\\BoundMethod::Illuminate\\Container\\{closure}()
#16 /home/njugunaa/Development/code/myProjects/weather-app-laravel/backend/vendor/laravel/framework/src/Illuminate/Container/BoundMethod.php(93): Illuminate\\Container\\Util::unwrapIfClosure()
#17 /home/njugunaa/Development/code/myProjects/weather-app-laravel/backend/vendor/laravel/framework/src/Illuminate/Container/BoundMethod.php(37): Illuminate\\Container\\BoundMethod::callBoundMethod()
#18 /home/njugunaa/Development/code/myProjects/weather-app-laravel/backend/vendor/laravel/framework/src/Illuminate/Container/Container.php(662): Illuminate\\Container\\BoundMethod::call()
#19 /home/njugunaa/Development/code/myProjects/weather-app-laravel/backend/vendor/laravel/framework/src/Illuminate/Console/Command.php(211): Illuminate\\Container\\Container->call()
#20 /home/njugunaa/Development/code/myProjects/weather-app-laravel/backend/vendor/symfony/console/Command/Command.php(326): Illuminate\\Console\\Command->execute()
#21 /home/njugunaa/Development/code/myProjects/weather-app-laravel/backend/vendor/laravel/framework/src/Illuminate/Console/Command.php(181): Symfony\\Component\\Console\\Command\\Command->run()
#22 /home/njugunaa/Development/code/myProjects/weather-app-laravel/backend/vendor/symfony/console/Application.php(1096): Illuminate\\Console\\Command->run()
#23 /home/njugunaa/Development/code/myProjects/weather-app-laravel/backend/vendor/symfony/console/Application.php(324): Symfony\\Component\\Console\\Application->doRunCommand()
#24 /home/njugunaa/Development/code/myProjects/weather-app-laravel/backend/vendor/symfony/console/Application.php(175): Symfony\\Component\\Console\\Application->doRun()
#25 /home/njugunaa/Development/code/myProjects/weather-app-laravel/backend/vendor/laravel/framework/src/Illuminate/Foundation/Console/Kernel.php(201): Symfony\\Component\\Console\\Application->run()
#26 /home/njugunaa/Development/code/myProjects/weather-app-laravel/backend/artisan(37): Illuminate\\Foundation\\Console\\Kernel->handle()
#27 {main}

[previous exception] [object] (PDOException(code: 0): could not find driver at /home/njugunaa/Development/code/myProjects/weather-app-laravel/backend/vendor/laravel/framework/src/Illuminate/Database/Connectors/Connector.php:65)
[stacktrace]
#0 /home/njugunaa/Development/code/myProjects/weather-app-laravel/backend/vendor/laravel/framework/src/Illuminate/Database/Connectors/Connector.php(65): PDO->__construct()
#1 /home/njugunaa/Development/code/myProjects/weather-app-laravel/backend/vendor/laravel/framework/src/Illuminate/Database/Connectors/Connector.php(45): Illuminate\\Database\\Connectors\\Connector->createPdoConnection()
#2 /home/njugunaa/Development/code/myProjects/weather-app-laravel/backend/vendor/laravel/framework/src/Illuminate/Database/Connectors/MySqlConnector.php(24): Illuminate\\Database\\Connectors\\Connector->createConnection()
#3 /home/njugunaa/Development/code/myProjects/weather-app-laravel/backend/vendor/laravel/framework/src/Illuminate/Database/Connectors/ConnectionFactory.php(184): Illuminate\\Database\\Connectors\\MySqlConnector->connect()
#4 [internal function]: Illuminate\\Database\\Connectors\\ConnectionFactory->Illuminate\\Database\\Connectors\\{closure}()
#5 /home/njugunaa/Development/code/myProjects/weather-app-laravel/backend/vendor/laravel/framework/src/Illuminate/Database/Connection.php(1339): call_user_func()
#6 /home/njugunaa/Development/code/myProjects/weather-app-laravel/backend/vendor/laravel/framework/src/Illuminate/Database/Connection.php(528): Illuminate\\Database\\Connection->getPdo()
#7 /home/njugunaa/Development/code/myProjects/weather-app-laravel/backend/vendor/laravel/framework/src/Illuminate/Database/Connection.php(423): Illuminate\\Database\\Connection->getPdoForSelect()
#8 /home/njugunaa/Development/code/myProjects/weather-app-laravel/backend/vendor/laravel/framework/src/Illuminate/Database/Connection.php(816): Illuminate\\Database\\Connection->Illuminate\\Database\\{closure}()
#9 /home/njugunaa/Development/code/myProjects/weather-app-laravel/backend/vendor/laravel/framework/src/Illuminate/Database/Connection.php(783): Illuminate\\Database\\Connection->runQueryCallback()
#10 /home/njugunaa/Development/code/myProjects/weather-app-laravel/backend/vendor/laravel/framework/src/Illuminate/Database/Connection.php(431): Illuminate\\Database\\Connection->run()
#11 /home/njugunaa/Development/code/myProjects/weather-app-laravel/backend/vendor/laravel/framework/src/Illuminate/Database/Connection.php(401): Illuminate\\Database\\Connection->select()
#12 /home/njugunaa/Development/code/myProjects/weather-app-laravel/backend/vendor/laravel/framework/src/Illuminate/Database/Schema/MySqlBuilder.php(42): Illuminate\\Database\\Connection->selectFromWriteConnection()
#13 /home/njugunaa/Development/code/myProjects/weather-app-laravel/backend/vendor/laravel/framework/src/Illuminate/Database/Schema/Builder.php(165): Illuminate\\Database\\Schema\\MySqlBuilder->getTables()
#14 /home/njugunaa/Development/code/myProjects/weather-app-laravel/backend/vendor/laravel/framework/src/Illuminate/Database/Migrations/DatabaseMigrationRepository.php(184): Illuminate\\Database\\Schema\\Builder->hasTable()
#15 /home/njugunaa/Development/code/myProjects/weather-app-laravel/backend/vendor/laravel/framework/src/Illuminate/Database/Migrations/Migrator.php(727): Illuminate\\Database\\Migrations\\DatabaseMigrationRepository->repositoryExists()
#16 /home/njugunaa/Development/code/myProjects/weather-app-laravel/backend/vendor/laravel/framework/src/Illuminate/Database/Console/Migrations/MigrateCommand.php(140): Illuminate\\Database\\Migrations\\Migrator->repositoryExists()
#17 /home/njugunaa/Development/code/myProjects/weather-app-laravel/backend/vendor/laravel/framework/src/Illuminate/Support/helpers.php(261): Illuminate\\Database\\Console\\Migrations\\MigrateCommand->Illuminate\\Database\\Console\\Migrations\\{closure}()
#18 /home/njugunaa/Development/code/myProjects/weather-app-laravel/backend/vendor/laravel/framework/src/Illuminate/Database/Console/Migrations/MigrateCommand.php(159): retry()
#19 /home/njugunaa/Development/code/myProjects/weather-app-laravel/backend/vendor/laravel/framework/src/Illuminate/Database/Console/Migrations/MigrateCommand.php(116): Illuminate\\Database\\Console\\Migrations\\MigrateCommand->repositoryExists()
#20 /home/njugunaa/Development/code/myProjects/weather-app-laravel/backend/vendor/laravel/framework/src/Illuminate/Database/Console/Migrations/MigrateCommand.php(84): Illuminate\\Database\\Console\\Migrations\\MigrateCommand->prepareDatabase()
#21 /home/njugunaa/Development/code/myProjects/weather-app-laravel/backend/vendor/laravel/framework/src/Illuminate/Database/Migrations/Migrator.php(641): Illuminate\\Database\\Console\\Migrations\\MigrateCommand->Illuminate\\Database\\Console\\Migrations\\{closure}()
#22 /home/njugunaa/Development/code/myProjects/weather-app-laravel/backend/vendor/laravel/framework/src/Illuminate/Database/Console/Migrations/MigrateCommand.php(104): Illuminate\\Database\\Migrations\\Migrator->usingConnection()
#23 /home/njugunaa/Development/code/myProjects/weather-app-laravel/backend/vendor/laravel/framework/src/Illuminate/Container/BoundMethod.php(36): Illuminate\\Database\\Console\\Migrations\\MigrateCommand->handle()
#24 /home/njugunaa/Development/code/myProjects/weather-app-laravel/backend/vendor/laravel/framework/src/Illuminate/Container/Util.php(41): Illuminate\\Container\\BoundMethod::Illuminate\\Container\\{closure}()
#25 /home/njugunaa/Development/code/myProjects/weather-app-laravel/backend/vendor/laravel/framework/src/Illuminate/Container/BoundMethod.php(93): Illuminate\\Container\\Util::unwrapIfClosure()
#26 /home/njugunaa/Development/code/myProjects/weather-app-laravel/backend/vendor/laravel/framework/src/Illuminate/Container/BoundMethod.php(37): Illuminate\\Container\\BoundMethod::callBoundMethod()
#27 /home/njugunaa/Development/code/myProjects/weather-app-laravel/backend/vendor/laravel/framework/src/Illuminate/Container/Container.php(662): Illuminate\\Container\\BoundMethod::call()
#28 /home/njugunaa/Development/code/myProjects/weather-app-laravel/backend/vendor/laravel/framework/src/Illuminate/Console/Command.php(211): Illuminate\\Container\\Container->call()
#29 /home/njugunaa/Development/code/myProjects/weather-app-laravel/backend/vendor/symfony/console/Command/Command.php(326): Illuminate\\Console\\Command->execute()
#30 /home/njugunaa/Development/code/myProjects/weather-app-laravel/backend/vendor/laravel/framework/src/Illuminate/Console/Command.php(181): Symfony\\Component\\Console\\Command\\Command->run()
#31 /home/njugunaa/Development/code/myProjects/weather-app-laravel/backend/vendor/symfony/console/Application.php(1096): Illuminate\\Console\\Command->run()
#32 /home/njugunaa/Development/code/myProjects/weather-app-laravel/backend/vendor/symfony/console/Application.php(324): Symfony\\Component\\Console\\Application->doRunCommand()
#33 /home/njugunaa/Development/code/myProjects/weather-app-laravel/backend/vendor/symfony/console/Application.php(175): Symfony\\Component\\Console\\Application->doRun()
#34 /home/njugunaa/Development/code/myProjects/weather-app-laravel/backend/vendor/laravel/framework/src/Illuminate/Foundation/Console/Kernel.php(201): Symfony\\Component\\Console\\Application->run()
#35 /home/njugunaa/Development/code/myProjects/weather-app-laravel/backend/artisan(37): Illuminate\\Foundation\\Console\\Kernel->handle()
#36 {main}
"} 
